[1;94mjisho  [VISUAL][m
  1. [97;44mt[m[97;44ma[m[97;44mk[m[97;44me[m[97;44m [m[97;44mc[m[97;44ma[m[97;44mr[m[97;44me[m of café                                                          
                                                                                
                                                                                
                                                                                
                                                                                
                                                                                
                                                                                
                                                                                
                                                                                
                                                                                
                                                                                
                                                                                
[92m── EN → TH ──  take care of[m
[PHRV] ดูแล
[37mjisho> [m[7;37mJ[m[38;5;240mapanese, romaji, or English[m[38;5;240m                                                   [m
[90mEsc close Thai • d details[m